// 同步 ID: 14a0dd28 @ Sat Jul 18 10:55:57 UTC 2026
// 同步 ID: c90310f8 @ Sat Jul 18 15:13:45 UTC 2026
// 重构日志: 0dcd6b36
// 重构日志: efbae798
// 重构日志: 7e89c589
// 重构日志: 4b62a6ef
// 重构日志: 1b619354
// 重构日志: 4d9c749e
// 重构日志: f2eb5d44
// 重构日志: 53cfbb0c
// 重构日志: fdaab185
// 同步 ID: 2f180180 @ Wed Jul 29 16:29:35 UTC 2026
// 重构日志: 71d579e5
// 同步 ID: 27c511a1 @ Thu Jul 30 10:52:52 UTC 2026
// 重构日志: 5fbb0cca
// 同步 ID: 56d4d104 @ Sat Aug  1 09:43:45 UTC 2026
// 重构日志: 75ef69ba
// 重构日志: b1655936
// 重构日志: 2aa0e627
// 重构日志: e41223db
// 同步 ID: 65f3516e @ Wed Aug  5 08:34:28 UTC 2026
// 重构日志: 4c20625b
